 
****************************************
Report : area
Design : tree_NUM4
Version: L-2016.03-SP1
Date   : Thu Nov 19 13:40:33 2020
****************************************

Library(s) Used:

    NanGate_15nm_OCL (File: /home/jianming/work/FileTransfer/AreaPower/sequential_circuit/lib/NanGate_15nm_OCL.db)

Number of ports:                          225
Number of nets:                           305
Number of cells:                          100
Number of combinational cells:             97
Number of sequential cells:                 0
Number of macros/black boxes:               0
Number of buf/inv:                         49
Number of references:                       3

Combinational area:                 23.691264
Buf/Inv area:                        7.323648
Noncombinational area:               0.000000
Macro/Black Box area:                0.000000
Net Interconnect area:      undefined  (No wire load specified)

Total cell area:                    23.691264
Total area:                 undefined

Hierarchical area distribution
------------------------------

                                  Global cell area          Local cell area
                                  ------------------  --------------------------- 
Hierarchical cell                 Absolute   Percent  Combi-    Noncombi-  Black-
                                  Total      Total    national  national   boxes   Design
--------------------------------  ---------  -------  --------  ---------  ------  ----------------
tree_NUM4                           23.6913    100.0    0.0000     0.0000  0.0000  tree_NUM4
genblk3_0__level0                    7.8152     33.0    7.8152     0.0000  0.0000  selecter_LEN16_2
genblk3_1__level0                    7.8152     33.0    7.8152     0.0000  0.0000  selecter_LEN16_1
genblk5_0__level1                    8.0609     34.0    8.0609     0.0000  0.0000  selecter_LEN16_0
--------------------------------  ---------  -------  --------  ---------  ------  ----------------
Total                                                  23.6913     0.0000  0.0000

1
