 
****************************************
Report : power
        -analysis_effort low
Design : tree_NUM4
Version: L-2016.03-SP1
Date   : Thu Nov 19 13:40:34 2020
****************************************


Library(s) Used:

    NanGate_15nm_OCL (File: /home/jianming/work/FileTransfer/AreaPower/sequential_circuit/lib/NanGate_15nm_OCL.db)


Operating Conditions: typical   Library: NanGate_15nm_OCL
Wire Load Model Mode: top


Global Operating Voltage = 0.8  
Power-specific unit information :
    Voltage Units = 1V
    Capacitance Units = 1.000000ff
    Time Units = 1ps
    Dynamic Power Units = 1mW    (derived from V,C,T units)
    Leakage Power Units = 1pW


  Cell Internal Power  =   5.9080 uW   (24%)
  Net Switching Power  =  18.8416 uW   (76%)
                         ---------
Total Dynamic Power    =  24.7495 uW  (100%)

Cell Leakage Power     = 980.4446 nW


                 Internal         Switching           Leakage            Total
Power Group      Power            Power               Power              Power   (   %    )  Attrs
--------------------------------------------------------------------------------------------------
io_pad             0.0000            0.0000            0.0000            0.0000  (   0.00%)
memory             0.0000            0.0000            0.0000            0.0000  (   0.00%)
black_box          0.0000            0.0000            0.0000            0.0000  (   0.00%)
clock_network      0.0000            0.0000            0.0000            0.0000  (   0.00%)
register           0.0000            0.0000            0.0000            0.0000  (   0.00%)
sequential         0.0000            0.0000            0.0000            0.0000  (   0.00%)
combinational  5.9080e-03        1.8842e-02        9.8044e+05        2.5730e-02  ( 100.00%)
--------------------------------------------------------------------------------------------------
Total          5.9080e-03 mW     1.8842e-02 mW     9.8044e+05 pW     2.5730e-02 mW
1
