 
****************************************
Report : timing
        -path full
        -delay max
        -max_paths 1
Design : tree_NUM4
Version: L-2016.03-SP1
Date   : Thu Nov 19 13:40:33 2020
****************************************

Operating Conditions: typical   Library: NanGate_15nm_OCL
Wire Load Model Mode: top

  Startpoint: in[0] (input port clocked by clk_input)
  Endpoint: sum[1] (output port clocked by clk_input)
  Path Group: clk_input
  Path Type: max

  Point                                                   Incr       Path
  --------------------------------------------------------------------------
  clock clk_input (rise edge)                             0.00       0.00
  clock network delay (ideal)                             0.00       0.00
  input external delay                                    0.00       0.00 f
  in[0] (in)                                              0.00       0.00 f
  genblk3_0__level0/a[0] (selecter_LEN16_2)               0.00       0.00 f
  genblk3_0__level0/U32/Z (AND2_X1)                       3.20       3.21 f
  genblk3_0__level0/out[0] (selecter_LEN16_2)             0.00       3.21 f
  genblk5_0__level1/a[0] (selecter_LEN16_0)               0.00       3.21 f
  genblk5_0__level1/U33/Z (BUF_X2)                        8.72      11.92 f
  genblk5_0__level1/U31/ZN (INV_X1)                      15.45      27.37 r
  genblk5_0__level1/U2/ZN (AOI22_X1)                      4.90      32.27 f
  genblk5_0__level1/U1/ZN (INV_X1)                       13.29      45.56 r
  genblk5_0__level1/out[1] (selecter_LEN16_0)             0.00      45.56 r
  sum[1] (out)                                            0.00      45.56 r
  data arrival time                                                 45.56

  clock clk_input (rise edge)                          1000.00    1000.00
  clock network delay (ideal)                             0.00    1000.00
  clock uncertainty                                       0.00    1000.00
  output external delay                                   0.00    1000.00
  data required time                                              1000.00
  --------------------------------------------------------------------------
  data required time                                              1000.00
  data arrival time                                                -45.56
  --------------------------------------------------------------------------
  slack (MET)                                                      954.43


1
