 
****************************************
Report : net
        -cell_degradation
Design : tree_NUM4
Version: L-2016.03-SP1
Date   : Thu Nov 19 13:29:27 2020
****************************************


Operating Conditions: typical   Library: NanGate_15nm_OCL
Wire Load Model Mode: top


Net
 Fanout    Fanin     Load      LoadUR    LoadUF    LoadLR    LoadLF    Resist    Pins      Attr
-----------------------------------------------------------------------------------------------
in[0]
     17         1       13.86     17.06     15.85     10.06     10.11      0.00      18    
in[1]
      1         1        0.65      1.04      0.96      0.31      0.31      0.00       2    
in[2]
      1         1        0.65      1.04      0.96      0.31      0.31      0.00       2    
in[3]
      1         1        0.65      1.04      0.96      0.31      0.31      0.00       2    
in[4]
      1         1        0.65      1.04      0.96      0.31      0.31      0.00       2    
in[5]
      1         1        0.65      1.04      0.96      0.31      0.31      0.00       2    
in[6]
      1         1        0.65      1.04      0.96      0.31      0.31      0.00       2    
in[7]
      1         1        0.65      1.04      0.96      0.31      0.31      0.00       2    
in[8]
      1         1        0.65      1.04      0.96      0.31      0.31      0.00       2    
in[9]
      1         1        0.65      1.04      0.96      0.31      0.31      0.00       2    
in[10]
      1         1        0.65      1.04      0.96      0.31      0.31      0.00       2    
in[11]
      1         1        0.65      1.04      0.96      0.31      0.31      0.00       2    
in[12]
      1         1        0.65      1.04      0.96      0.31      0.31      0.00       2    
in[13]
      1         1        0.65      1.04      0.96      0.31      0.31      0.00       2    
in[14]
      1         1        0.65      1.04      0.96      0.31      0.31      0.00       2    
in[15]
      1         1        0.65      1.04      0.96      0.31      0.31      0.00       2    
in[16]
      1         1        0.70      0.90      1.03      0.55      0.37      0.00       2    
in[17]
      1         1        0.71      0.90      1.00      0.56      0.38      0.00       2    
in[18]
      1         1        0.71      0.90      1.00      0.56      0.38      0.00       2    
in[19]
      1         1        0.71      0.90      1.00      0.56      0.38      0.00       2    
in[20]
      1         1        0.71      0.90      1.00      0.56      0.38      0.00       2    
in[21]
      1         1        0.71      0.90      1.00      0.56      0.38      0.00       2    
in[22]
      1         1        0.71      0.90      1.00      0.56      0.38      0.00       2    
in[23]
      1         1        0.71      0.90      1.00      0.56      0.38      0.00       2    
in[24]
      1         1        0.71      0.90      1.00      0.56      0.38      0.00       2    
in[25]
      1         1        0.71      0.90      1.00      0.56      0.38      0.00       2    
in[26]
      1         1        0.71      0.90      1.00      0.56      0.38      0.00       2    
in[27]
      1         1        0.71      0.90      1.00      0.56      0.38      0.00       2    
in[28]
      1         1        0.71      0.90      1.00      0.56      0.38      0.00       2    
in[29]
      1         1        0.71      0.90      1.00      0.56      0.38      0.00       2    
in[30]
      1         1        0.71      0.90      1.00      0.56      0.38      0.00       2    
in[31]
      1         1        0.71      0.90      1.00      0.56      0.38      0.00       2    
in[32]
     17         1       13.86     17.06     15.85     10.06     10.11      0.00      18    
in[33]
      1         1        0.65      1.04      0.96      0.31      0.31      0.00       2    
in[34]
      1         1        0.65      1.04      0.96      0.31      0.31      0.00       2    
in[35]
      1         1        0.65      1.04      0.96      0.31      0.31      0.00       2    
in[36]
      1         1        0.65      1.04      0.96      0.31      0.31      0.00       2    
in[37]
      1         1        0.65      1.04      0.96      0.31      0.31      0.00       2    
in[38]
      1         1        0.65      1.04      0.96      0.31      0.31      0.00       2    
in[39]
      1         1        0.65      1.04      0.96      0.31      0.31      0.00       2    
in[40]
      1         1        0.65      1.04      0.96      0.31      0.31      0.00       2    
in[41]
      1         1        0.65      1.04      0.96      0.31      0.31      0.00       2    
in[42]
      1         1        0.65      1.04      0.96      0.31      0.31      0.00       2    
in[43]
      1         1        0.65      1.04      0.96      0.31      0.31      0.00       2    
in[44]
      1         1        0.65      1.04      0.96      0.31      0.31      0.00       2    
in[45]
      1         1        0.65      1.04      0.96      0.31      0.31      0.00       2    
in[46]
      1         1        0.65      1.04      0.96      0.31      0.31      0.00       2    
in[47]
      1         1        0.65      1.04      0.96      0.31      0.31      0.00       2    
in[48]
      1         1        0.70      0.90      1.03      0.55      0.37      0.00       2    
in[49]
      1         1        0.71      0.90      1.00      0.56      0.38      0.00       2    
in[50]
      1         1        0.71      0.90      1.00      0.56      0.38      0.00       2    
in[51]
      1         1        0.71      0.90      1.00      0.56      0.38      0.00       2    
in[52]
      1         1        0.71      0.90      1.00      0.56      0.38      0.00       2    
in[53]
      1         1        0.71      0.90      1.00      0.56      0.38      0.00       2    
in[54]
      1         1        0.71      0.90      1.00      0.56      0.38      0.00       2    
in[55]
      1         1        0.71      0.90      1.00      0.56      0.38      0.00       2    
in[56]
      1         1        0.71      0.90      1.00      0.56      0.38      0.00       2    
in[57]
      1         1        0.71      0.90      1.00      0.56      0.38      0.00       2    
in[58]
      1         1        0.71      0.90      1.00      0.56      0.38      0.00       2    
in[59]
      1         1        0.71      0.90      1.00      0.56      0.38      0.00       2    
in[60]
      1         1        0.71      0.90      1.00      0.56      0.38      0.00       2    
in[61]
      1         1        0.71      0.90      1.00      0.56      0.38      0.00       2    
in[62]
      1         1        0.71      0.90      1.00      0.56      0.38      0.00       2    
in[63]
      1         1        0.71      0.90      1.00      0.56      0.38      0.00       2    
sum[0]
      1         1       15.00     15.00     15.00     15.00     15.00      0.00       2    
sum[1]
      1         1       15.00     15.00     15.00     15.00     15.00      0.00       2    
sum[2]
      1         1       15.00     15.00     15.00     15.00     15.00      0.00       2    
sum[3]
      1         1       15.00     15.00     15.00     15.00     15.00      0.00       2    
sum[4]
      1         1       15.00     15.00     15.00     15.00     15.00      0.00       2    
sum[5]
      1         1       15.00     15.00     15.00     15.00     15.00      0.00       2    
sum[6]
      1         1       15.00     15.00     15.00     15.00     15.00      0.00       2    
sum[7]
      1         1       15.00     15.00     15.00     15.00     15.00      0.00       2    
sum[8]
      1         1       15.00     15.00     15.00     15.00     15.00      0.00       2    
sum[9]
      1         1       15.00     15.00     15.00     15.00     15.00      0.00       2    
sum[10]
      1         1       15.00     15.00     15.00     15.00     15.00      0.00       2    
sum[11]
      1         1       15.00     15.00     15.00     15.00     15.00      0.00       2    
sum[12]
      1         1       15.00     15.00     15.00     15.00     15.00      0.00       2    
sum[13]
      1         1       15.00     15.00     15.00     15.00     15.00      0.00       2    
sum[14]
      1         1       15.00     15.00     15.00     15.00     15.00      0.00       2    
sum[15]
      1         1       15.00     15.00     15.00     15.00     15.00      0.00       2    
wire_inner_64__0_
      1         1        0.84      1.01      0.90      0.63      0.63      0.00       2    
wire_inner_64__1_
      1         1        0.65      1.04      0.96      0.31      0.31      0.00       2    
wire_inner_64__2_
      1         1        0.65      1.04      0.96      0.31      0.31      0.00       2    
wire_inner_64__3_
      1         1        0.65      1.04      0.96      0.31      0.31      0.00       2    
wire_inner_64__4_
      1         1        0.65      1.04      0.96      0.31      0.31      0.00       2    
wire_inner_64__5_
      1         1        0.65      1.04      0.96      0.31      0.31      0.00       2    
wire_inner_64__6_
      1         1        0.65      1.04      0.96      0.31      0.31      0.00       2    
wire_inner_64__7_
      1         1        0.65      1.04      0.96      0.31      0.31      0.00       2    
wire_inner_64__8_
      1         1        0.65      1.04      0.96      0.31      0.31      0.00       2    
wire_inner_64__9_
      1         1        0.65      1.04      0.96      0.31      0.31      0.00       2    
wire_inner_64__10_
      1         1        0.65      1.04      0.96      0.31      0.31      0.00       2    
wire_inner_64__11_
      1         1        0.65      1.04      0.96      0.31      0.31      0.00       2    
wire_inner_64__12_
      1         1        0.65      1.04      0.96      0.31      0.31      0.00       2    
wire_inner_64__13_
      1         1        0.65      1.04      0.96      0.31      0.31      0.00       2    
wire_inner_64__14_
      1         1        0.65      1.04      0.96      0.31      0.31      0.00       2    
wire_inner_64__15_
      1         1        0.65      1.04      0.96      0.31      0.31      0.00       2    
wire_inner_65__0_
      1         1        0.70      0.90      1.03      0.55      0.37      0.00       2    
wire_inner_65__1_
      1         1        0.71      0.90      1.00      0.56      0.38      0.00       2    
wire_inner_65__2_
      1         1        0.71      0.90      1.00      0.56      0.38      0.00       2    
wire_inner_65__3_
      1         1        0.71      0.90      1.00      0.56      0.38      0.00       2    
wire_inner_65__4_
      1         1        0.71      0.90      1.00      0.56      0.38      0.00       2    
wire_inner_65__5_
      1         1        0.71      0.90      1.00      0.56      0.38      0.00       2    
wire_inner_65__6_
      1         1        0.71      0.90      1.00      0.56      0.38      0.00       2    
wire_inner_65__7_
      1         1        0.71      0.90      1.00      0.56      0.38      0.00       2    
wire_inner_65__8_
      1         1        0.71      0.90      1.00      0.56      0.38      0.00       2    
wire_inner_65__9_
      1         1        0.71      0.90      1.00      0.56      0.38      0.00       2    
wire_inner_65__10_
      1         1        0.71      0.90      1.00      0.56      0.38      0.00       2    
wire_inner_65__11_
      1         1        0.71      0.90      1.00      0.56      0.38      0.00       2    
wire_inner_65__12_
      1         1        0.71      0.90      1.00      0.56      0.38      0.00       2    
wire_inner_65__13_
      1         1        0.71      0.90      1.00      0.56      0.38      0.00       2    
wire_inner_65__14_
      1         1        0.71      0.90      1.00      0.56      0.38      0.00       2    
wire_inner_65__15_
      1         1        0.71      0.90      1.00      0.56      0.38      0.00       2    
-----------------------------------------------------------------------------------------------
Total 112 nets
    144       112      331.90    364.97    363.94    301.26    293.07      0.00     256
Maximum
     17         1       15.00     17.06     15.85     15.00     15.00      0.00      18
Average
   1.29      1.00        2.96      3.26      3.25      2.69      2.62      0.00    2.29

   cell_degradation

                          Required            Actual
Net:                    Capacitance         Capacitance    Slack
--------------------------------------------------------------------------------
in[0]                   infinity            13.86          infinity  (MET)
in[1]                   infinity             0.65          infinity  (MET)
in[2]                   infinity             0.65          infinity  (MET)
in[3]                   infinity             0.65          infinity  (MET)
in[4]                   infinity             0.65          infinity  (MET)
in[5]                   infinity             0.65          infinity  (MET)
in[6]                   infinity             0.65          infinity  (MET)
in[7]                   infinity             0.65          infinity  (MET)
in[8]                   infinity             0.65          infinity  (MET)
in[9]                   infinity             0.65          infinity  (MET)
in[10]                  infinity             0.65          infinity  (MET)
in[11]                  infinity             0.65          infinity  (MET)
in[12]                  infinity             0.65          infinity  (MET)
in[13]                  infinity             0.65          infinity  (MET)
in[14]                  infinity             0.65          infinity  (MET)
in[15]                  infinity             0.65          infinity  (MET)
in[16]                  infinity             0.70          infinity  (MET)
in[17]                  infinity             0.71          infinity  (MET)
in[18]                  infinity             0.71          infinity  (MET)
in[19]                  infinity             0.71          infinity  (MET)
in[20]                  infinity             0.71          infinity  (MET)
in[21]                  infinity             0.71          infinity  (MET)
in[22]                  infinity             0.71          infinity  (MET)
in[23]                  infinity             0.71          infinity  (MET)
in[24]                  infinity             0.71          infinity  (MET)
in[25]                  infinity             0.71          infinity  (MET)
in[26]                  infinity             0.71          infinity  (MET)
in[27]                  infinity             0.71          infinity  (MET)
in[28]                  infinity             0.71          infinity  (MET)
in[29]                  infinity             0.71          infinity  (MET)
in[30]                  infinity             0.71          infinity  (MET)
in[31]                  infinity             0.71          infinity  (MET)
in[32]                  infinity            13.86          infinity  (MET)
in[33]                  infinity             0.65          infinity  (MET)
in[34]                  infinity             0.65          infinity  (MET)
in[35]                  infinity             0.65          infinity  (MET)
in[36]                  infinity             0.65          infinity  (MET)
in[37]                  infinity             0.65          infinity  (MET)
in[38]                  infinity             0.65          infinity  (MET)
in[39]                  infinity             0.65          infinity  (MET)
in[40]                  infinity             0.65          infinity  (MET)
in[41]                  infinity             0.65          infinity  (MET)
in[42]                  infinity             0.65          infinity  (MET)
in[43]                  infinity             0.65          infinity  (MET)
in[44]                  infinity             0.65          infinity  (MET)
in[45]                  infinity             0.65          infinity  (MET)
in[46]                  infinity             0.65          infinity  (MET)
in[47]                  infinity             0.65          infinity  (MET)
in[48]                  infinity             0.70          infinity  (MET)
in[49]                  infinity             0.71          infinity  (MET)
in[50]                  infinity             0.71          infinity  (MET)
in[51]                  infinity             0.71          infinity  (MET)
in[52]                  infinity             0.71          infinity  (MET)
in[53]                  infinity             0.71          infinity  (MET)
in[54]                  infinity             0.71          infinity  (MET)
in[55]                  infinity             0.71          infinity  (MET)
in[56]                  infinity             0.71          infinity  (MET)
in[57]                  infinity             0.71          infinity  (MET)
in[58]                  infinity             0.71          infinity  (MET)
in[59]                  infinity             0.71          infinity  (MET)
in[60]                  infinity             0.71          infinity  (MET)
in[61]                  infinity             0.71          infinity  (MET)
in[62]                  infinity             0.71          infinity  (MET)
in[63]                  infinity             0.71          infinity  (MET)
sum[0]                  infinity            15.00          infinity  (MET)
sum[1]                  infinity            15.00          infinity  (MET)
sum[2]                  infinity            15.00          infinity  (MET)
sum[3]                  infinity            15.00          infinity  (MET)
sum[4]                  infinity            15.00          infinity  (MET)
sum[5]                  infinity            15.00          infinity  (MET)
sum[6]                  infinity            15.00          infinity  (MET)
sum[7]                  infinity            15.00          infinity  (MET)
sum[8]                  infinity            15.00          infinity  (MET)
sum[9]                  infinity            15.00          infinity  (MET)
sum[10]                 infinity            15.00          infinity  (MET)
sum[11]                 infinity            15.00          infinity  (MET)
sum[12]                 infinity            15.00          infinity  (MET)
sum[13]                 infinity            15.00          infinity  (MET)
sum[14]                 infinity            15.00          infinity  (MET)
sum[15]                 infinity            15.00          infinity  (MET)
wire_inner_64__0_       infinity             0.84          infinity  (MET)
wire_inner_64__1_       infinity             0.65          infinity  (MET)
wire_inner_64__2_       infinity             0.65          infinity  (MET)
wire_inner_64__3_       infinity             0.65          infinity  (MET)
wire_inner_64__4_       infinity             0.65          infinity  (MET)
wire_inner_64__5_       infinity             0.65          infinity  (MET)
wire_inner_64__6_       infinity             0.65          infinity  (MET)
wire_inner_64__7_       infinity             0.65          infinity  (MET)
wire_inner_64__8_       infinity             0.65          infinity  (MET)
wire_inner_64__9_       infinity             0.65          infinity  (MET)
wire_inner_64__10_      infinity             0.65          infinity  (MET)
wire_inner_64__11_      infinity             0.65          infinity  (MET)
wire_inner_64__12_      infinity             0.65          infinity  (MET)
wire_inner_64__13_      infinity             0.65          infinity  (MET)
wire_inner_64__14_      infinity             0.65          infinity  (MET)
wire_inner_64__15_      infinity             0.65          infinity  (MET)
wire_inner_65__0_       infinity             0.70          infinity  (MET)
wire_inner_65__1_       infinity             0.71          infinity  (MET)
wire_inner_65__2_       infinity             0.71          infinity  (MET)
wire_inner_65__3_       infinity             0.71          infinity  (MET)
wire_inner_65__4_       infinity             0.71          infinity  (MET)
wire_inner_65__5_       infinity             0.71          infinity  (MET)
wire_inner_65__6_       infinity             0.71          infinity  (MET)
wire_inner_65__7_       infinity             0.71          infinity  (MET)
wire_inner_65__8_       infinity             0.71          infinity  (MET)
wire_inner_65__9_       infinity             0.71          infinity  (MET)
wire_inner_65__10_      infinity             0.71          infinity  (MET)
wire_inner_65__11_      infinity             0.71          infinity  (MET)
wire_inner_65__12_      infinity             0.71          infinity  (MET)
wire_inner_65__13_      infinity             0.71          infinity  (MET)
wire_inner_65__14_      infinity             0.71          infinity  (MET)
wire_inner_65__15_      infinity             0.71          infinity  (MET)
--------------------------------------------------------------------------------
1
